0	0	0
1	0	1
2	0	3
3	0	6
4	0	10
5	0	15
6	0	21
7	0	28
8	0	36
9	0	45
10	0	55
11	0	66
12	0	78
13	0	91
14	0	105
15	0	120
16	0	136
17	0	153
18	0	171
19	0	190
