0	0	0	0
0	1	1	1
0	0	2	2
0	1	3	4
0	0	4	6
1	1	5	5
1	0	6	6
1	1	7	12
1	0	8	14
1	1	9	21
2	0	10	10
2	1	11	11
2	0	12	22
2	1	13	24
2	0	14	36
3	1	15	15
3	0	16	16
3	1	17	32
3	0	18	34
3	1	19	51
4	0	20	20
4	1	21	21
4	0	22	42
