234332	88823482348234	778234.33323	This is a varchar	aaaaaaaa	2011-01-09 12:12:12	2010-01-28	12	23542	11.22.33.44	aaaa:bbbb::	23.0.0.0/8	aaaa::/16
-7723433	-999923499992349932	-7772734.5555	This line has negatives	bbbbbbbb	2000-12-25 00:00:00	1999-07-31	-77	-9999	77.22.33.44	::	44.23.33.22/32	aaaa:bbbb::/128
99293433	77717273732774273	6626663.88	This line has positves	cccccccc	2048-02-11 22:25:01	2020-09-28	12	32000	255.255.33.44	aaaa:bbcc::	128.1.0.3/32	::/128
