1	0
1	1
3	0
3	1
5	0
5	1
7	0
7	1
9	0
9	1
11	0
11	1
13	0
13	1
15	0
15	1
17	0
17	1
19	0
19	1
