0	0	0
0	1	1
0	2	3
0	3	6
0	4	10
1	5	5
1	6	11
1	7	18
1	8	26
1	9	35
2	10	10
2	11	21
2	12	33
2	13	46
2	14	60
3	15	15
3	16	31
3	17	48
3	18	66
3	19	85
4	20	20
4	21	41
4	22	63
