0	0	0	0	\N
1	0	1	1	0
2	0	2	2	1
3	0	3	3	2
4	0	4	4	3
5	1	5	5	\N
6	1	6	6	5
7	1	7	7	6
8	1	8	8	7
9	1	9	9	8
